s.............................................                           [100%]
============================== warnings summary ===============================
..\..\AppData\Roaming\Python\Python314\site-packages\starlette\_utils.py:39: 28 warnings
app/tests/gateway/unit/test_main_coverage.py: 20 warnings
app/tests/gateway/unit/test_routes_crud.py: 3 warnings
app/tests/gateway/unit/test_routes_full.py: 12 warnings
app/tests/gateway/unit/test_score_route.py: 1 warning
app/tests/storage/test_main_endpoints.py: 27 warnings
  C:\Users\LucasSilveira\AppData\Roaming\Python\Python314\site-packages\starlette\_utils.py:39: DeprecationWarning: 'asyncio.iscoroutinefunction' is deprecated and slated for removal in Python 3.16; use inspect.iscoroutinefunction() instead
    return asyncio.iscoroutinefunction(obj) or (callable(obj) and asyncio.iscoroutinefunction(obj.__call__))

..\..\AppData\Roaming\Python\Python314\site-packages\fastapi\routing.py:233: 14 warnings
app/tests/gateway/unit/test_main_coverage.py: 8 warnings
  C:\Users\LucasSilveira\AppData\Roaming\Python\Python314\site-packages\fastapi\routing.py:233: DeprecationWarning: 'asyncio.iscoroutinefunction' is deprecated and slated for removal in Python 3.16; use inspect.iscoroutinefunction() instead
    is_coroutine = asyncio.iscoroutinefunction(dependant.call)

-- Docs: https://docs.pytest.org/en/stable/how-to/capture-warnings.html

---------- coverage: platform win32, python 3.14.0-final-0 -----------
Name                        Stmts   Miss  Cover
-----------------------------------------------
app\gateway\__init__.py         0      0   100%
app\gateway\client.py           8      0   100%
app\gateway\main.py            64      1    98%
app\gateway\models.py          17      0   100%
app\storage\__init__.py         0      0   100%
app\storage\db.py              24     16    33%
app\storage\main.py            37      2    95%
app\storage\models.py          16      0   100%
app\storage\repository.py      73      6    92%
-----------------------------------------------
TOTAL                         239     25    90%

45 passed, 1 skipped, 5 deselected, 113 warnings in 0.93s
